2026-05-31 09:07:07,887 - INFO -Batch 1:
USE master;

2026-05-31 09:07:07,888 - INFO -Batch 1 OK
2026-05-31 09:07:07,888 - INFO -Batch 2:
IF EXISTS(SELECT 1 FROM sys.databases WHERE name = 'MarketIntelligenceDWH')
BEGIN
    ALTER DATABASE MarketIntelligenceDWH
    SET SINGLE_USER
    WITH ROLLBACK IMMEDIATE;
    DROP DATABASE MarketIntelligenceDWH;
END;
CREATE DATABASE MarketIntelligenceDWH;

2026-05-31 09:07:08,274 - INFO -Batch 2 OK
2026-05-31 09:07:08,274 - INFO -Batch 3:
USE MarketIntelligenceDWH;

2026-05-31 09:07:08,275 - INFO -Batch 3 OK
2026-05-31 09:07:08,275 - INFO -Batch 4:
CREATE SCHEMA bronze;

2026-05-31 09:07:08,277 - INFO -Batch 4 OK
2026-05-31 09:07:08,277 - INFO -Batch 5:
CREATE SCHEMA silver;

2026-05-31 09:07:08,279 - INFO -Batch 5 OK
2026-05-31 09:07:08,280 - INFO -Batch 6:
CREATE SCHEMA gold;

2026-05-31 09:07:08,282 - INFO -Batch 6 OK
2026-05-31 09:07:08,282 - INFO -All batches executed successfully.
2026-05-31 09:07:08,282 - INFO -Batch 1:
USE MarketIntelligenceDWH;

2026-05-31 09:07:08,283 - INFO -Batch 1 OK
2026-05-31 09:07:08,283 - INFO -Batch 2:
IF OBJECT_ID('bronze.IBM_stock_price_data', 'U') IS NOT NULL
    DROP TABLE bronze.IBM_stock_price_data;

2026-05-31 09:07:08,284 - INFO -Batch 2 OK
2026-05-31 09:07:08,284 - INFO -Batch 3:
CREATE TABLE bronze.IBM_stock_price_data (
    [date] NVARCHAR(50),
    [open] NVARCHAR(50),
    [high] NVARCHAR(50),
    [low] NVARCHAR(50),
    [close] NVARCHAR(50),
    [volume] NVARCHAR(50)
);

2026-05-31 09:07:08,287 - INFO -Batch 3 OK
2026-05-31 09:07:08,287 - INFO -All batches executed successfully.
