2026-06-01 11:33:32,638 - INFO -Batch 1:
USE master;

2026-06-01 11:33:32,640 - INFO -Batch 1 OK
2026-06-01 11:33:32,640 - INFO -Batch 2:
IF EXISTS(SELECT 1 FROM sys.databases WHERE name = 'MarketIntelligenceDWH')
BEGIN
    ALTER DATABASE MarketIntelligenceDWH
    SET SINGLE_USER
    WITH ROLLBACK IMMEDIATE;
    DROP DATABASE MarketIntelligenceDWH;
END;
CREATE DATABASE MarketIntelligenceDWH;

2026-06-01 11:33:33,146 - INFO -Batch 2 OK
2026-06-01 11:33:33,147 - INFO -Batch 3:
USE MarketIntelligenceDWH;

2026-06-01 11:33:33,148 - INFO -Batch 3 OK
2026-06-01 11:33:33,148 - INFO -Batch 4:
CREATE SCHEMA bronze;

2026-06-01 11:33:33,151 - INFO -Batch 4 OK
2026-06-01 11:33:33,151 - INFO -Batch 5:
CREATE SCHEMA silver;

2026-06-01 11:33:33,153 - INFO -Batch 5 OK
2026-06-01 11:33:33,153 - INFO -Batch 6:
CREATE SCHEMA gold;

2026-06-01 11:33:33,155 - INFO -Batch 6 OK
2026-06-01 11:33:33,155 - INFO -All batches executed successfully.
2026-06-01 11:33:33,437 - INFO -Batch 1:
IF OBJECT_ID('bronze.IBM_stock_price', 'U') IS NOT NULL
    DROP TABLE bronze.IBM_stock_price;

2026-06-01 11:33:33,438 - INFO -Batch 1 OK
2026-06-01 11:33:33,439 - INFO -Batch 2:
CREATE TABLE bronze.IBM_stock_price (
    [date] NVARCHAR(50),
    [open] NVARCHAR(50),
    [high] NVARCHAR(50),
    [low] NVARCHAR(50),
    [close] NVARCHAR(50),
    [volume] NVARCHAR(50)
);

2026-06-01 11:33:33,442 - INFO -Batch 2 OK
2026-06-01 11:33:33,442 - INFO -All batches executed successfully.
2026-06-01 11:33:34,329 - INFO -Batch 1:
IF OBJECT_ID('silver.IBM_stock_price', 'U') IS NOT NULL
    DROP TABLE silver.IBM_stock_price;

2026-06-01 11:33:34,330 - INFO -Batch 1 OK
2026-06-01 11:33:34,330 - INFO -Batch 2:
CREATE TABLE silver.IBM_stock_price(   
    [date]          DATE        NOT NULL,       
    [open]          FLOAT       NOT NULL,
    [high]          FLOAT       NOT NULL,
    [low]           FLOAT       NOT NULL,
    [close]         FLOAT       NOT NULL,
    [volume]        BIGINT      NOT NULL,
    dwh_create_date DATETIME2 DEFAULT GETDATE(),
    PRIMARY KEY([date])
);

2026-06-01 11:33:34,333 - INFO -Batch 2 OK
2026-06-01 11:33:34,333 - INFO -All batches executed successfully.
