2026-06-01 11:04:54,473 - INFO -Batch 1:
USE master;

2026-06-01 11:04:54,474 - INFO -Batch 1 OK
2026-06-01 11:04:54,474 - INFO -Batch 2:
IF EXISTS(SELECT 1 FROM sys.databases WHERE name = 'MarketIntelligenceDWH')
BEGIN
    ALTER DATABASE MarketIntelligenceDWH
    SET SINGLE_USER
    WITH ROLLBACK IMMEDIATE;
    DROP DATABASE MarketIntelligenceDWH;
END;
CREATE DATABASE MarketIntelligenceDWH;

2026-06-01 11:04:54,947 - INFO -Batch 2 OK
2026-06-01 11:04:54,947 - INFO -Batch 3:
USE MarketIntelligenceDWH;

2026-06-01 11:04:54,948 - INFO -Batch 3 OK
2026-06-01 11:04:54,948 - INFO -Batch 4:
CREATE SCHEMA bronze;

2026-06-01 11:04:54,952 - INFO -Batch 4 OK
2026-06-01 11:04:54,952 - INFO -Batch 5:
CREATE SCHEMA silver;

2026-06-01 11:04:54,955 - INFO -Batch 5 OK
2026-06-01 11:04:54,955 - INFO -Batch 6:
CREATE SCHEMA gold;

2026-06-01 11:04:54,957 - INFO -Batch 6 OK
2026-06-01 11:04:54,957 - INFO -All batches executed successfully.
2026-06-01 11:04:55,233 - INFO -Batch 1:
IF OBJECT_ID('bronze.IBM_stock_price', 'U') IS NOT NULL
    DROP TABLE bronze.IBM_stock_price;

2026-06-01 11:04:55,235 - INFO -Batch 1 OK
2026-06-01 11:04:55,235 - INFO -Batch 2:
CREATE TABLE bronze.IBM_stock_price (
    [date] NVARCHAR(50),
    [open] NVARCHAR(50),
    [high] NVARCHAR(50),
    [low] NVARCHAR(50),
    [close] NVARCHAR(50),
    [volume] NVARCHAR(50)
);

2026-06-01 11:04:55,240 - INFO -Batch 2 OK
2026-06-01 11:04:55,240 - INFO -All batches executed successfully.
2026-06-01 11:04:56,768 - INFO -Batch 1:
IF OBJECT_ID('silver.IBM_stock_price', 'U') IS NOT NULL
    DROP TABLE silver.IBM_stock_price;

2026-06-01 11:04:56,769 - INFO -Batch 1 OK
2026-06-01 11:04:56,769 - INFO -Batch 2:
CREATE TABLE silver.IBM_stock_price(   
    [date]          DATE        NOT NULL       
    [open]          FLOAT       NOT NULL,
    [high]          FLOAT       NOT NULL,
    [low]           FLOAT       NOT NULL,
    [close]         FLOAT       NOT NULL,
    [volume]        BIGINT      NOT NULL,
    PRIMARY KEY([date]),
    dwh_create_date DATETIME2 DEFAULT GETDATE()
);

2026-06-01 11:04:56,771 - ERROR -Batch 2 FAILED:
('42000', "[42000] [Microsoft][ODBC Driver 18 for SQL Server][SQL Server]Incorrect syntax near 'open'. (102) (SQLExecDirectW)")
2026-06-01 11:04:56,771 - ERROR -SQL ERROR: ('42000', "[42000] [Microsoft][ODBC Driver 18 for SQL Server][SQL Server]Incorrect syntax near 'open'. (102) (SQLExecDirectW)")
Traceback (most recent call last):
  File "/home/bishalkoirala/Desktop/MarketIntelligence/src/dbconnect.py", line 28, in execute_sql_file
    cursor.execute(batch)
    ~~~~~~~~~~~~~~^^^^^^^
pyodbc.ProgrammingError: ('42000', "[42000] [Microsoft][ODBC Driver 18 for SQL Server][SQL Server]Incorrect syntax near 'open'. (102) (SQLExecDirectW)")
