2026-06-02 12:27:08,999 - INFO -Batch 1:
USE master;

2026-06-02 12:27:09,001 - INFO -Batch 1 OK
2026-06-02 12:27:09,001 - INFO -Batch 2:
IF EXISTS(SELECT 1 FROM sys.databases WHERE name = 'MarketIntelligenceDWH')
BEGIN
    ALTER DATABASE MarketIntelligenceDWH
    SET SINGLE_USER
    WITH ROLLBACK IMMEDIATE;
    DROP DATABASE MarketIntelligenceDWH;
END;
CREATE DATABASE MarketIntelligenceDWH;

2026-06-02 12:27:12,544 - INFO -Batch 2 OK
2026-06-02 12:27:12,545 - INFO -Batch 3:
USE MarketIntelligenceDWH;

2026-06-02 12:27:12,546 - INFO -Batch 3 OK
2026-06-02 12:27:12,546 - INFO -Batch 4:
CREATE SCHEMA bronze;

2026-06-02 12:27:12,561 - INFO -Batch 4 OK
2026-06-02 12:27:12,561 - INFO -Batch 5:
CREATE SCHEMA silver;

2026-06-02 12:27:12,618 - INFO -Batch 5 OK
2026-06-02 12:27:12,618 - INFO -Batch 6:
CREATE SCHEMA gold;

2026-06-02 12:27:12,661 - INFO -Batch 6 OK
2026-06-02 12:27:12,661 - INFO -All batches executed successfully.
2026-06-02 12:27:13,258 - INFO -Batch 1:
IF OBJECT_ID('bronze.IBM_stock_price', 'U') IS NOT NULL
    DROP TABLE bronze.IBM_stock_price;

2026-06-02 12:27:13,259 - INFO -Batch 1 OK
2026-06-02 12:27:13,259 - INFO -Batch 2:
CREATE TABLE bronze.IBM_stock_price (
    [date] NVARCHAR(50),
    [open] NVARCHAR(50),
    [high] NVARCHAR(50),
    [low] NVARCHAR(50),
    [close] NVARCHAR(50),
    [volume] NVARCHAR(50)
);

2026-06-02 12:27:13,282 - INFO -Batch 2 OK
2026-06-02 12:27:13,282 - INFO -All batches executed successfully.
2026-06-02 12:27:14,761 - INFO -Batch 1:
IF OBJECT_ID('silver.IBM_stock_price', 'U') IS NOT NULL
    DROP TABLE silver.IBM_stock_price;

2026-06-02 12:27:14,761 - INFO -Batch 1 OK
2026-06-02 12:27:14,761 - INFO -Batch 2:
CREATE TABLE silver.IBM_stock_price(   
    [date]          DATE        NOT NULL,       
    [open]          FLOAT       NOT NULL,
    [high]          FLOAT       NOT NULL,
    [low]           FLOAT       NOT NULL,
    [close]         FLOAT       NOT NULL,
    [volume]        BIGINT      NOT NULL,
    dwh_create_date DATETIME2 DEFAULT GETDATE(),
    PRIMARY KEY([date])
);

2026-06-02 12:27:14,764 - INFO -Batch 2 OK
2026-06-02 12:27:14,764 - INFO -All batches executed successfully.
