2026-05-31 15:34:14,778 - INFO -Batch 1:
USE master;

2026-05-31 15:34:14,778 - INFO -Batch 1 OK
2026-05-31 15:34:14,779 - INFO -Batch 2:
IF EXISTS(SELECT 1 FROM sys.databases WHERE name = 'MarketIntelligenceDWH')
BEGIN
    ALTER DATABASE MarketIntelligenceDWH
    SET SINGLE_USER
    WITH ROLLBACK IMMEDIATE;
    DROP DATABASE MarketIntelligenceDWH;
END;
CREATE DATABASE MarketIntelligenceDWH;

2026-05-31 15:34:15,304 - INFO -Batch 2 OK
2026-05-31 15:34:15,304 - INFO -Batch 3:
USE MarketIntelligenceDWH;

2026-05-31 15:34:15,306 - INFO -Batch 3 OK
2026-05-31 15:34:15,306 - INFO -Batch 4:
CREATE SCHEMA bronze;

2026-05-31 15:34:15,309 - INFO -Batch 4 OK
2026-05-31 15:34:15,309 - INFO -Batch 5:
CREATE SCHEMA silver;

2026-05-31 15:34:15,311 - INFO -Batch 5 OK
2026-05-31 15:34:15,311 - INFO -Batch 6:
CREATE SCHEMA gold;

2026-05-31 15:34:15,313 - INFO -Batch 6 OK
2026-05-31 15:34:15,313 - INFO -All batches executed successfully.
2026-05-31 15:34:15,313 - INFO -Batch 1:
USE master;

2026-05-31 15:34:15,314 - INFO -Batch 1 OK
2026-05-31 15:34:15,314 - INFO -Batch 2:
USE MarketIntelligenceDWH;

2026-05-31 15:34:15,315 - INFO -Batch 2 OK
2026-05-31 15:34:15,315 - INFO -Batch 3:
IF OBJECT_ID('bronze.IBM_stock_price', 'U') IS NOT NULL
    DROP TABLE bronze.IBM_stock_price;

2026-05-31 15:34:15,316 - INFO -Batch 3 OK
2026-05-31 15:34:15,316 - INFO -Batch 4:
CREATE TABLE bronze.IBM_stock_price (
    [date] NVARCHAR(50),
    [open] NVARCHAR(50),
    [high] NVARCHAR(50),
    [low] NVARCHAR(50),
    [close] NVARCHAR(50),
    [volume] NVARCHAR(50)
);

2026-05-31 15:34:15,320 - INFO -Batch 4 OK
2026-05-31 15:34:15,320 - INFO -All batches executed successfully.
